vue.global.js:12399 You are running a development build of Vue.
Make sure to use the production build (*.prod.js) when deploying for production.
index.html:182 Starting Expense Splitter app...
database.js:2 Loading database.js
database.js:19 Creating database instance
database.js:7 Initializing ExpenseSplitterDB
components.js:2 Loading components.js
components.js:562 Exporting components globally...
components.js:570 Components exported: {ExpenseCard: true, MemberCard: true, BalanceOverview: true, SettlementSuggestions: true, CreateTripDialog: true, …}
calculations.js:2 Loading calculations.js
app.js:2 Loading app.js
app.js:626 Creating Vue app...
app.js:630 Configuring Quasar...
app.js:641 Registering components...
app.js:650 Mounting app...
app.js:49 App mounted, initializing...
app.js:51 Loading settings...
app.js:72 DatabaseService available: true
index.html:186 Window loaded
index.html:187 Vue available: true
index.html:188 Quasar available: true
index.html:189 Chart available: true
index.html:190 Dexie available: true
database.js:218 Database initialized successfully
app.js:76 Settings loaded: Proxy(Object) {currency: 'INR', theme: 'light', dateFormat: 'DD/MM/YYYY'}
app.js:53 Loading trips...
app.js:55 Loading current trip...
app.js:94 Selecting trip: 1
app.js:97 Trip loaded: 25 au ko
app.js:647 Vue error: TypeError: Cannot read properties of undefined (reading 'length')
    at eval (eval at compileToFunction (vue.global.js:18037:20), <anonymous>:235:116)
    at renderFnWithContext (vue.global.js:2940:15)
    at Ye (quasar.umd.prod.js:6:24071)
    at Proxy.<anonymous> (quasar.umd.prod.js:6:72662)
    at renderComponentRoot (vue.global.js:8717:18)
    at ReactiveEffect.componentUpdateFn [as fn] (vue.global.js:7546:48)
    at ReactiveEffect.run (vue.global.js:619:21)
    at setupRenderEffect (vue.global.js:7681:7)
    at mountComponent (vue.global.js:7455:9)
    at processComponent (vue.global.js:7407:11) render function
app.config.errorHandler @ app.js:647
callWithErrorHandling @ vue.global.js:2449
handleError @ vue.global.js:2496
renderComponentRoot @ vue.global.js:8753
componentUpdateFn @ vue.global.js:7546
run @ vue.global.js:619
setupRenderEffect @ vue.global.js:7681
mountComponent @ vue.global.js:7455
processComponent @ vue.global.js:7407
patch @ vue.global.js:6934
mountChildren @ vue.global.js:7168
mountElement @ vue.global.js:7091
processElement @ vue.global.js:7056
patch @ vue.global.js:6922
componentUpdateFn @ vue.global.js:7553
run @ vue.global.js:619
setupRenderEffect @ vue.global.js:7681
mountComponent @ vue.global.js:7455
processComponent @ vue.global.js:7407
patch @ vue.global.js:6934
mountChildren @ vue.global.js:7168
mountElement @ vue.global.js:7091
processElement @ vue.global.js:7056
patch @ vue.global.js:6922
mountChildren @ vue.global.js:7168
mountElement @ vue.global.js:7091
processElement @ vue.global.js:7056
patch @ vue.global.js:6922
mountChildren @ vue.global.js:7168
mountElement @ vue.global.js:7091
processElement @ vue.global.js:7056
patch @ vue.global.js:6922
mountChildren @ vue.global.js:7168
processFragment @ vue.global.js:7350
patch @ vue.global.js:6908
patchKeyedChildren @ vue.global.js:7960
patchChildren @ vue.global.js:7738
patchElement @ vue.global.js:7221
processElement @ vue.global.js:7067
patch @ vue.global.js:6922
componentUpdateFn @ vue.global.js:7633
run @ vue.global.js:619
runIfDirty @ vue.global.js:657
callWithErrorHandling @ vue.global.js:2449
flushJobs @ vue.global.js:2654
Promise.then
queueFlush @ vue.global.js:2568
queueJob @ vue.global.js:2563
effect.scheduler @ vue.global.js:7675
trigger @ vue.global.js:647
endBatch @ vue.global.js:705
trigger @ vue.global.js:1106
set @ vue.global.js:1395
set @ vue.global.js:5412
selectTrip @ app.js:95
await in selectTrip
loadCurrentTrip @ app.js:86
await in loadCurrentTrip
mounted @ app.js:56
await in mounted
(anonymous) @ vue.global.js:5078
callWithErrorHandling @ vue.global.js:2449
callWithAsyncErrorHandling @ vue.global.js:2456
hook.__weh.hook.__weh @ vue.global.js:5058
flushPostFlushCbs @ vue.global.js:2631
render @ vue.global.js:8232
mount @ vue.global.js:6198
app.mount @ vue.global.js:12310
(anonymous) @ app.js:651
app.js:100 Loaded 0 members and 0 expenses
app.js:57 App initialization complete
