vue.global.js:12399 You are running a development build of Vue.
Make sure to use the production build (*.prod.js) when deploying for production.
index.html:188 Starting Expense Splitter app...
database.js:2 Loading database.js
database.js:19 Creating database instance
database.js:7 Initializing ExpenseSplitterDB
components.js:2 Loading components.js
components.js:562 Exporting components globally...
components.js:570 Components exported: {ExpenseCard: true, MemberCard: true, BalanceOverview: true, SettlementSuggestions: true, CreateTripDialog: true, …}
calculations.js:2 Loading calculations.js
database.js:218 Database initialized successfully
app.js:2 Loading app.js
app.js:629 Creating Vue app...
app.js:633 Configuring Quasar...
app.js:644 Registering components...
app.js:653 Mounting app...
app.js:49 App mounted, initializing...
app.js:51 Loading settings...
app.js:72 DatabaseService available: true
index.html:192 Window loaded
index.html:193 Vue available: true
index.html:194 Quasar available: true
index.html:195 Chart available: true
index.html:196 Dexie available: true
app.js:76 Settings loaded: Proxy(Object) {currency: 'INR', theme: 'light', dateFormat: 'DD/MM/YYYY'}
app.js:53 Loading trips...
app.js:55 Loading current trip...
app.js:94 Selecting trip: 1
app.js:97 Trip loaded: 25 au ko
app.js:100 Loaded 0 members and 0 expenses
app.js:57 App initialization complete
